MSLCLOSE t09_aesop
/root/peer/strengthen/s20260902_092324_2/probe.c1__implication.lean:17:76: warning: this tactic is never executed

Note: This linter can be disabled with `set_option linter.unreachableTactic false`
/root/peer/strengthen/s20260902_092324_2/probe.c1__implication.lean:18:74: warning: this tactic is never executed

Note: This linter can be disabled with `set_option linter.unreachableTactic false`
/root/peer/strengthen/s20260902_092324_2/probe.c1__implication.lean:21:80: warning: this tactic is never executed

Note: This linter can be disabled with `set_option linter.unreachableTactic false`
/root/peer/strengthen/s20260902_092324_2/probe.c1__implication.lean:22:83: warning: this tactic is never executed

Note: This linter can be disabled with `set_option linter.unreachableTactic false`
/root/peer/strengthen/s20260902_092324_2/probe.c1__implication.lean:23:76: warning: this tactic is never executed

Note: This linter can be disabled with `set_option linter.unreachableTactic false`
/root/peer/strengthen/s20260902_092324_2/probe.c1__implication.lean:24:84: warning: this tactic is never executed

Note: This linter can be disabled with `set_option linter.unreachableTactic false`
/root/peer/strengthen/s20260902_092324_2/probe.c1__implication.lean:26:4: warning: this tactic is never executed

Note: This linter can be disabled with `set_option linter.unreachableTactic false`
/root/peer/strengthen/s20260902_092324_2/probe.c1__implication.lean:27:4: warning: this tactic is never executed

Note: This linter can be disabled with `set_option linter.unreachableTactic false`
/root/peer/strengthen/s20260902_092324_2/probe.c1__implication.lean:17:5: warning: 'trace "MSLCLOSE t01_decide"' tactic does nothing

Note: This linter can be disabled with `set_option linter.unusedTactic false`
/root/peer/strengthen/s20260902_092324_2/probe.c1__implication.lean:17:34: warning: 'set_option maxHeartbeats 1000 in (decide; done)' tactic does nothing

Note: This linter can be disabled with `set_option linter.unusedTactic false`
/root/peer/strengthen/s20260902_092324_2/probe.c1__implication.lean:18:5: warning: 'trace "MSLCLOSE t02_omega"' tactic does nothing

Note: This linter can be disabled with `set_option linter.unusedTactic false`
/root/peer/strengthen/s20260902_092324_2/probe.c1__implication.lean:18:74: warning: 'done' tactic does nothing

Note: This linter can be disabled with `set_option linter.unusedTactic false`
/root/peer/strengthen/s20260902_092324_2/probe.c1__implication.lean:19:5: warning: 'trace "MSLCLOSE t03_ring_nf"' tactic does nothing

Note: This linter can be disabled with `set_option linter.unusedTactic false`
/root/peer/strengthen/s20260902_092324_2/probe.c1__implication.lean:20:5: warning: 'trace "MSLCLOSE t04_ring"' tactic does nothing

Note: This linter can be disabled with `set_option linter.unusedTactic false`
/root/peer/strengthen/s20260902_092324_2/probe.c1__implication.lean:21:5: warning: 'trace "MSLCLOSE t05_linarith"' tactic does nothing

Note: This linter can be disabled with `set_option linter.unusedTactic false`
/root/peer/strengthen/s20260902_092324_2/probe.c1__implication.lean:21:36: warning: 'set_option maxHeartbeats 4000 in (linarith; done)' tactic does nothing

Note: This linter can be disabled with `set_option linter.unusedTactic false`
/root/peer/strengthen/s20260902_092324_2/probe.c1__implication.lean:22:5: warning: 'trace "MSLCLOSE t06_nlinarith"' tactic does nothing

Note: This linter can be disabled with `set_option linter.unusedTactic false`
/root/peer/strengthen/s20260902_092324_2/probe.c1__implication.lean:22:37: warning: 'set_option maxHeartbeats 10000 in (nlinarith; done)' tactic does nothing

Note: This linter can be disabled with `set_option linter.unusedTactic false`
/root/peer/strengthen/s20260902_092324_2/probe.c1__implication.lean:23:5: warning: 'trace "MSLCLOSE t07_gcongr"' tactic does nothing

Note: This linter can be disabled with `set_option linter.unusedTactic false`
/root/peer/strengthen/s20260902_092324_2/probe.c1__implication.lean:23:34: warning: 'set_option maxHeartbeats 4000 in (gcongr; done)' tactic does nothing

Note: This linter can be disabled with `set_option linter.unusedTactic false`
/root/peer/strengthen/s20260902_092324_2/probe.c1__implication.lean:24:5: warning: 'trace "MSLCLOSE t08_positivity"' tactic does nothing

Note: This linter can be disabled with `set_option linter.unusedTactic false`
/root/peer/strengthen/s20260902_092324_2/probe.c1__implication.lean:24:38: warning: 'set_option maxHeartbeats 2000 in (positivity; done)' tactic does nothing

Note: This linter can be disabled with `set_option linter.unusedTactic false`
/root/peer/strengthen/s20260902_092324_2/probe.c1__implication.lean:25:5: warning: 'trace "MSLCLOSE t09_aesop"' tactic does nothing

Note: This linter can be disabled with `set_option linter.unusedTactic false`
/root/peer/strengthen/s20260902_092324_2/probe.c1__implication.lean:25:75: warning: 'done' tactic does nothing

Note: This linter can be disabled with `set_option linter.unusedTactic false`
/root/peer/strengthen/s20260902_092324_2/probe.c1__implication.lean:26:4: warning: '(trace "MSLCLOSE t10_simp"; set_option maxHeartbeats 20000 in (simp; done))' tactic does nothing

Note: This linter can be disabled with `set_option linter.unusedTactic false`
/root/peer/strengthen/s20260902_092324_2/probe.c1__implication.lean:27:4: warning: '(trace "MSLGOAL_BEGIN"; trace_state; sorry)' tactic does nothing

Note: This linter can be disabled with `set_option linter.unusedTactic false`
'th_probe_c1_impl' depends on axioms: [propext, Classical.choice, Quot.sound]
