MSLCLOSE t03_ring_nf
/root/peer/strengthen/s20260902_092324_2/probe.c1__base.lean:14:38: warning: This simp argument is unused:
  msl_p_probe_geom

Hint: Omit it from the simp argument list.
  simp only [msl_q_probe_geom_s1,̵ ̵m̵s̵l̵_̵p̵_̵p̵r̵o̵b̵e̵_̵g̵e̵o̵m̵] at *

Note: This linter can be disabled with `set_option linter.unusedSimpArgs false`
/root/peer/strengthen/s20260902_092324_2/probe.c1__base.lean:16:76: warning: this tactic is never executed

Note: This linter can be disabled with `set_option linter.unreachableTactic false`
/root/peer/strengthen/s20260902_092324_2/probe.c1__base.lean:17:74: warning: this tactic is never executed

Note: This linter can be disabled with `set_option linter.unreachableTactic false`
/root/peer/strengthen/s20260902_092324_2/probe.c1__base.lean:19:4: warning: this tactic is never executed

Note: This linter can be disabled with `set_option linter.unreachableTactic false`
/root/peer/strengthen/s20260902_092324_2/probe.c1__base.lean:20:4: warning: this tactic is never executed

Note: This linter can be disabled with `set_option linter.unreachableTactic false`
/root/peer/strengthen/s20260902_092324_2/probe.c1__base.lean:21:4: warning: this tactic is never executed

Note: This linter can be disabled with `set_option linter.unreachableTactic false`
/root/peer/strengthen/s20260902_092324_2/probe.c1__base.lean:22:4: warning: this tactic is never executed

Note: This linter can be disabled with `set_option linter.unreachableTactic false`
/root/peer/strengthen/s20260902_092324_2/probe.c1__base.lean:23:4: warning: this tactic is never executed

Note: This linter can be disabled with `set_option linter.unreachableTactic false`
/root/peer/strengthen/s20260902_092324_2/probe.c1__base.lean:24:4: warning: this tactic is never executed

Note: This linter can be disabled with `set_option linter.unreachableTactic false`
/root/peer/strengthen/s20260902_092324_2/probe.c1__base.lean:25:4: warning: this tactic is never executed

Note: This linter can be disabled with `set_option linter.unreachableTactic false`
/root/peer/strengthen/s20260902_092324_2/probe.c1__base.lean:26:4: warning: this tactic is never executed

Note: This linter can be disabled with `set_option linter.unreachableTactic false`
/root/peer/strengthen/s20260902_092324_2/probe.c1__base.lean:16:5: warning: 'trace "MSLCLOSE t01_decide"' tactic does nothing

Note: This linter can be disabled with `set_option linter.unusedTactic false`
/root/peer/strengthen/s20260902_092324_2/probe.c1__base.lean:16:34: warning: 'set_option maxHeartbeats 1000 in (decide; done)' tactic does nothing

Note: This linter can be disabled with `set_option linter.unusedTactic false`
/root/peer/strengthen/s20260902_092324_2/probe.c1__base.lean:17:5: warning: 'trace "MSLCLOSE t02_omega"' tactic does nothing

Note: This linter can be disabled with `set_option linter.unusedTactic false`
/root/peer/strengthen/s20260902_092324_2/probe.c1__base.lean:17:74: warning: 'done' tactic does nothing

Note: This linter can be disabled with `set_option linter.unusedTactic false`
/root/peer/strengthen/s20260902_092324_2/probe.c1__base.lean:18:5: warning: 'trace "MSLCLOSE t03_ring_nf"' tactic does nothing

Note: This linter can be disabled with `set_option linter.unusedTactic false`
/root/peer/strengthen/s20260902_092324_2/probe.c1__base.lean:18:78: warning: 'done' tactic does nothing

Note: This linter can be disabled with `set_option linter.unusedTactic false`
/root/peer/strengthen/s20260902_092324_2/probe.c1__base.lean:19:4: warning: '(trace "MSLCLOSE t04_ring"; set_option maxHeartbeats 2000 in (ring; done))' tactic does nothing

Note: This linter can be disabled with `set_option linter.unusedTactic false`
/root/peer/strengthen/s20260902_092324_2/probe.c1__base.lean:20:4: warning: '(trace "MSLCLOSE t05_linarith"; set_option maxHeartbeats 4000 in (linarith; done))' tactic does nothing

Note: This linter can be disabled with `set_option linter.unusedTactic false`
/root/peer/strengthen/s20260902_092324_2/probe.c1__base.lean:21:4: warning: '(trace "MSLCLOSE t06_nlinarith"; set_option maxHeartbeats 10000 in (nlinarith; done))' tactic does nothing

Note: This linter can be disabled with `set_option linter.unusedTactic false`
/root/peer/strengthen/s20260902_092324_2/probe.c1__base.lean:22:4: warning: '(trace "MSLCLOSE t07_gcongr"; set_option maxHeartbeats 4000 in (gcongr; done))' tactic does nothing

Note: This linter can be disabled with `set_option linter.unusedTactic false`
/root/peer/strengthen/s20260902_092324_2/probe.c1__base.lean:23:4: warning: '(trace "MSLCLOSE t08_positivity"; set_option maxHeartbeats 2000 in (positivity; done))' tactic does nothing

Note: This linter can be disabled with `set_option linter.unusedTactic false`
/root/peer/strengthen/s20260902_092324_2/probe.c1__base.lean:24:4: warning: '(trace "MSLCLOSE t09_aesop"; set_option maxHeartbeats 20000 in (aesop; done))' tactic does nothing

Note: This linter can be disabled with `set_option linter.unusedTactic false`
/root/peer/strengthen/s20260902_092324_2/probe.c1__base.lean:25:4: warning: '(trace "MSLCLOSE t10_simp"; set_option maxHeartbeats 20000 in (simp; done))' tactic does nothing

Note: This linter can be disabled with `set_option linter.unusedTactic false`
/root/peer/strengthen/s20260902_092324_2/probe.c1__base.lean:26:4: warning: '(trace "MSLGOAL_BEGIN"; trace_state; sorry)' tactic does nothing

Note: This linter can be disabled with `set_option linter.unusedTactic false`
'th_probe_c1_base' depends on axioms: [propext, Classical.choice, Quot.sound]
