{
 "crossover_least_n_where_erdos1_sqrt_beats_frozen_weaker": 8,
 "degenerate_cards": [
  {
   "card": 0,
   "N": 5,
   "lhs": 1,
   "rhs": 0,
   "holds": false
  },
  {
   "card": 1,
   "N": 1,
   "lhs": 4,
   "rhs": 64,
   "holds": true
  },
  {
   "card": 1,
   "N": 5,
   "lhs": 4,
   "rhs": 1600,
   "holds": true
  }
 ]
}
{'n': 1, 'N_is_f_n': 1, 'lhs_2_2n': 4, 'rhs_64nN2': 64, 'holds': True}
{'n': 2, 'N_is_f_n': 2, 'lhs_2_2n': 16, 'rhs_64nN2': 512, 'holds': True}
{'n': 3, 'N_is_f_n': 4, 'lhs_2_2n': 64, 'rhs_64nN2': 3072, 'holds': True}
{'n': 4, 'N_is_f_n': 7, 'lhs_2_2n': 256, 'rhs_64nN2': 12544, 'holds': True}
{'n': 5, 'N_is_f_n': 13, 'lhs_2_2n': 1024, 'rhs_64nN2': 54080, 'holds': True}
{'n': 6, 'N_is_f_n': 24, 'lhs_2_2n': 4096, 'rhs_64nN2': 221184, 'holds': True}
{'n': 7, 'N_is_f_n': 44, 'lhs_2_2n': 16384, 'rhs_64nN2': 867328, 'holds': True}
WROTE receipts/compare.json
