/root/peer/sub-1191/Attack01.lean:68:8: warning: this tactic is never executed

Note: This linter can be disabled with `set_option linter.unreachableTactic false`
/root/peer/sub-1191/Attack01.lean:69:8: warning: this tactic is never executed

Note: This linter can be disabled with `set_option linter.unreachableTactic false`
/root/peer/sub-1191/Attack01.lean:70:8: warning: this tactic is never executed

Note: This linter can be disabled with `set_option linter.unreachableTactic false`
/root/peer/sub-1191/Attack01.lean:71:8: warning: this tactic is never executed

Note: This linter can be disabled with `set_option linter.unreachableTactic false`
/root/peer/sub-1191/Attack01.lean:68:8: warning: 'rw [countUpTo, hfin.card_toFinset]' tactic does nothing

Note: This linter can be disabled with `set_option linter.unusedTactic false`
/root/peer/sub-1191/Attack01.lean:69:8: warning: 'simp [countUpTo, Set.ncard_eq_toFinset_card _ hfin]' tactic does nothing

Note: This linter can be disabled with `set_option linter.unusedTactic false`
/root/peer/sub-1191/Attack01.lean:70:8: warning: '(rw [countUpTo, Set.ncard_eq_toFinset_card']; congr 1)' tactic does nothing

Note: This linter can be disabled with `set_option linter.unusedTactic false`
/root/peer/sub-1191/Attack01.lean:71:8: warning: 'simp [countUpTo, Set.ncard_eq_toFinset_card']' tactic does nothing

Note: This linter can be disabled with `set_option linter.unusedTactic false`
/root/peer/sub-1191/Attack01.lean:109:10: warning: this tactic is never executed

Note: This linter can be disabled with `set_option linter.unreachableTactic false`
/root/peer/sub-1191/Attack01.lean:110:10: warning: this tactic is never executed

Note: This linter can be disabled with `set_option linter.unreachableTactic false`
/root/peer/sub-1191/Attack01.lean:109:10: warning: 'exact Nat.mul_le_mul_right _ hp' tactic does nothing

Note: This linter can be disabled with `set_option linter.unusedTactic false`
/root/peer/sub-1191/Attack01.lean:110:10: warning: 'nlinarith' tactic does nothing

Note: This linter can be disabled with `set_option linter.unusedTactic false`
/root/peer/sub-1191/Attack01.lean:190:4: warning: `push_neg` has been deprecated. Prefer using `push Not` instead.
If you'd rather continue using `push_neg` in your project, you can implement it as follows:
```
open Lean.Parser.Tactic in
macro "push_neg" cfg:optConfig loc:(location)? : tactic =>
  `(tactic| push $cfg:optConfig Not $[$loc]?)
```
/root/peer/sub-1191/Attack01.lean:270:6: warning: this tactic is never executed

Note: This linter can be disabled with `set_option linter.unreachableTactic false`
/root/peer/sub-1191/Attack01.lean:271:6: warning: this tactic is never executed

Note: This linter can be disabled with `set_option linter.unreachableTactic false`
/root/peer/sub-1191/Attack01.lean:272:6: warning: this tactic is never executed

Note: This linter can be disabled with `set_option linter.unreachableTactic false`
/root/peer/sub-1191/Attack01.lean:270:6: warning: 'exact Real.sSup_of_not_bddAbove _ (fun hb => (bddAbove_liminfSet_iff f).mp hb hT)' tactic does nothing

Note: This linter can be disabled with `set_option linter.unusedTactic false`
/root/peer/sub-1191/Attack01.lean:271:6: warning: '(apply Real.sSup_of_not_bddAbove; exact fun hb => (bddAbove_liminfSet_iff f).mp hb hT)' tactic does nothing

Note: This linter can be disabled with `set_option linter.unusedTactic false`
/root/peer/sub-1191/Attack01.lean:272:6: warning: '(apply Real.sSup_def ▸ rfl)' tactic does nothing

Note: This linter can be disabled with `set_option linter.unusedTactic false`
'Erdos1191.sidon_intSub_inj' depends on axioms: [propext, Quot.sound]
'Erdos1191.sidon_offDiag_bound' depends on axioms: [propext, Classical.choice, Quot.sound]
'Erdos1191.sidon_card_sq_le' depends on axioms: [propext, Classical.choice, Quot.sound]
'Erdos1191.countUpTo_le_sqrt' depends on axioms: [propext, Classical.choice, Quot.sound]
'Erdos1191.sidonWeight_le' depends on axioms: [propext, Classical.choice, Quot.sound]
'Erdos1191.sidonWeight_mono_exponent' depends on axioms: [propext, Classical.choice, Quot.sound]
'Erdos1191.eventually_le_half_of_eventually_le' depends on axioms: [propext, Classical.choice, Quot.sound]
'Erdos1191.bddAbove_liminfSet_iff' depends on axioms: [propext, Classical.choice, Quot.sound]
'Erdos1191.le_liminf_of_eventually_le_of_not_tendsto' depends on axioms: [propext, Classical.choice, Quot.sound]
'Erdos1191.not_question1_of_witness' depends on axioms: [propext, Classical.choice, Quot.sound]
'Erdos1191.question2_of_witness' depends on axioms: [propext, Classical.choice, Quot.sound]
'Erdos1191.sidonWeight_zero_le' depends on axioms: [propext, Classical.choice, Quot.sound]
'Erdos1191.not_tendsto_sidonWeight_zero' depends on axioms: [propext, Classical.choice, Quot.sound]
'Erdos1191.liminf_sidonWeight_zero_le_const' depends on axioms: [propext, Classical.choice, Quot.sound]
'Erdos1191.liminf_eq_zero_of_tendsto_atTop' depends on axioms: [propext, Classical.choice, Quot.sound]
'Erdos1191.question1_clause_holds_vacuously' depends on axioms: [propext, Classical.choice, Quot.sound]
'Erdos1191.erdos_bound_vacuous_on_blowup' depends on axioms: [propext, Classical.choice, Quot.sound]
'Erdos1191.question1_iff_restricted' depends on axioms: [propext, Classical.choice, Quot.sound]
'Erdos1191.not_liminf_pos_of_blowup' depends on axioms: [propext, Classical.choice, Quot.sound]
