/root/peer/sub-616/Attack01.lean:211:2: warning: `push_neg` has been deprecated. Prefer using `push Not` instead.
If you'd rather continue using `push_neg` in your project, you can implement it as follows:
```
open Lean.Parser.Tactic in
macro "push_neg" cfg:optConfig loc:(location)? : tactic =>
  `(tactic| push $cfg:optConfig Not $[$loc]?)
```
/root/peer/sub-616/Attack01.lean:224:4: warning: `push_neg` has been deprecated. Prefer using `push Not` instead.
If you'd rather continue using `push_neg` in your project, you can implement it as follows:
```
open Lean.Parser.Tactic in
macro "push_neg" cfg:optConfig loc:(location)? : tactic =>
  `(tactic| push $cfg:optConfig Not $[$loc]?)
```
/root/peer/sub-616/Attack01.lean:403:35: warning: this tactic is never executed

Note: This linter can be disabled with `set_option linter.unreachableTactic false`
/root/peer/sub-616/Attack01.lean:403:35: warning: 'tauto' tactic does nothing

Note: This linter can be disabled with `set_option linter.unusedTactic false`
/root/peer/sub-616/Attack01.lean:473:6: warning: `push_neg` has been deprecated. Prefer using `push Not` instead.
If you'd rather continue using `push_neg` in your project, you can implement it as follows:
```
open Lean.Parser.Tactic in
macro "push_neg" cfg:optConfig loc:(location)? : tactic =>
  `(tactic| push $cfg:optConfig Not $[$loc]?)
```
/root/peer/sub-616/Attack01.lean:492:2: warning: `push_neg` has been deprecated. Prefer using `push Not` instead.
If you'd rather continue using `push_neg` in your project, you can implement it as follows:
```
open Lean.Parser.Tactic in
macro "push_neg" cfg:optConfig loc:(location)? : tactic =>
  `(tactic| push $cfg:optConfig Not $[$loc]?)
```
/root/peer/sub-616/Attack01.lean:587:4: warning: `push_neg` has been deprecated. Prefer using `push Not` instead.
If you'd rather continue using `push_neg` in your project, you can implement it as follows:
```
open Lean.Parser.Tactic in
macro "push_neg" cfg:optConfig loc:(location)? : tactic =>
  `(tactic| push $cfg:optConfig Not $[$loc]?)
```
/root/peer/sub-616/Attack01.lean:596:6: warning: `push_neg` has been deprecated. Prefer using `push Not` instead.
If you'd rather continue using `push_neg` in your project, you can implement it as follows:
```
open Lean.Parser.Tactic in
macro "push_neg" cfg:optConfig loc:(location)? : tactic =>
  `(tactic| push $cfg:optConfig Not $[$loc]?)
```
/root/peer/sub-616/Attack01.lean:663:8: warning: try 'simp' instead of 'simpa'

Note: This linter can be disabled with `set_option linter.unnecessarySimpa false`
/root/peer/sub-616/Attack01.lean:734:4: warning: `push_neg` has been deprecated. Prefer using `push Not` instead.
If you'd rather continue using `push_neg` in your project, you can implement it as follows:
```
open Lean.Parser.Tactic in
macro "push_neg" cfg:optConfig loc:(location)? : tactic =>
  `(tactic| push $cfg:optConfig Not $[$loc]?)
```
'window_nonempty_iff' depends on axioms: [propext, Classical.choice, Quot.sound]
'window_empty_of_lt_seventy' depends on axioms: [propext, Classical.choice, Quot.sound]
'window_refutation' depends on axioms: [propext, Classical.choice, Quot.sound]
'meet_singleton_iff' depends on axioms: [propext, Quot.sound]
'good_mono' depends on axioms: [propext, Classical.choice, Quot.sound]
'good_one_le' depends on axioms: [propext, Classical.choice, Quot.sound]
'optimal_unique' depends on axioms: [propext, Classical.choice, Quot.sound]
'pair_meet' depends on axioms: [propext, Classical.choice, Quot.sound]
'triple_common' depends on axioms: [propext, Classical.choice, Quot.sound]
'good_three_one' depends on axioms: [propext, Classical.choice, Quot.sound]
'optimal_three' depends on axioms: [propext, Classical.choice, Quot.sound]
'optimal_three_eq' depends on axioms: [propext, Classical.choice, Quot.sound]
'erdos_616_stub_statement_is_false' depends on axioms: [propext, Classical.choice, Quot.sound]
'eht_lower_bound_fails_at_three' depends on axioms: [propext, Classical.choice, Quot.sound]
'exists_ne_fin4' depends on axioms: [propext, Quot.sound]
'mem_P' depends on axioms: [propext, Classical.choice, Quot.sound]
'card_P' depends on axioms: [propext, Classical.choice, Quot.sound]
'mem_E' depends on axioms: [propext, Classical.choice, Quot.sound]
'card_E' depends on axioms: [propext, Classical.choice, Quot.sound]
'cover_all' depends on axioms: [propext, Classical.choice, Quot.sound]
'good_two_le' depends on axioms: [propext, Classical.choice, Quot.sound]
'good_two_le'' depends on axioms: [propext, Classical.choice, Quot.sound]
'eht_upper_fails_lt_five' depends on axioms: [propext, Classical.choice, Quot.sound]
'eht_upper_fails_six_to_nine' depends on axioms: [propext, Classical.choice, Quot.sound]
'stub_fails_at_six' depends on axioms: [propext, Classical.choice, Quot.sound]
'good_one_fails_of_six_le' depends on axioms: [propext, Classical.choice, Quot.sound]
'union_bound_arith' depends on axioms: [propext, Quot.sound]
'helly_small' depends on axioms: [propext, Classical.choice, Quot.sound]
'good_one_of_le_five' depends on axioms: [propext, Classical.choice, Quot.sound]
'optimal_of_le_five' depends on axioms: [propext, Classical.choice, Quot.sound]
'good_one_iff' depends on axioms: [propext, Classical.choice, Quot.sound]
'stub_fails_of_le_five' depends on axioms: [propext, Classical.choice, Quot.sound]
'ERDOS_616_ATTACK_2026_09_05' depends on axioms: [propext, Classical.choice, Quot.sound]
