MSLCLOSE t01_decide
/root/peer/strengthen/s20260902_092522_2/t01.c4__base.lean:23:45: warning: This simp argument is unused:
  msl_p_erdos289_a_m01_d1

Hint: Omit it from the simp argument list.
  simp only [msl_q_erdos289_a_m01_d1_s4,̵ ̵m̵s̵l̵_̵p̵_̵e̵r̵d̵o̵s̵2̵8̵9̵_̵a̵_̵m̵0̵1̵_̵d̵1̵] at *

Note: This linter can be disabled with `set_option linter.unusedSimpArgs false`
/root/peer/strengthen/s20260902_092522_2/t01.c4__base.lean:26:4: warning: this tactic is never executed

Note: This linter can be disabled with `set_option linter.unreachableTactic false`
/root/peer/strengthen/s20260902_092522_2/t01.c4__base.lean:27:4: warning: this tactic is never executed

Note: This linter can be disabled with `set_option linter.unreachableTactic false`
/root/peer/strengthen/s20260902_092522_2/t01.c4__base.lean:28:4: warning: this tactic is never executed

Note: This linter can be disabled with `set_option linter.unreachableTactic false`
/root/peer/strengthen/s20260902_092522_2/t01.c4__base.lean:29:4: warning: this tactic is never executed

Note: This linter can be disabled with `set_option linter.unreachableTactic false`
/root/peer/strengthen/s20260902_092522_2/t01.c4__base.lean:30:4: warning: this tactic is never executed

Note: This linter can be disabled with `set_option linter.unreachableTactic false`
/root/peer/strengthen/s20260902_092522_2/t01.c4__base.lean:31:4: warning: this tactic is never executed

Note: This linter can be disabled with `set_option linter.unreachableTactic false`
/root/peer/strengthen/s20260902_092522_2/t01.c4__base.lean:32:4: warning: this tactic is never executed

Note: This linter can be disabled with `set_option linter.unreachableTactic false`
/root/peer/strengthen/s20260902_092522_2/t01.c4__base.lean:33:4: warning: this tactic is never executed

Note: This linter can be disabled with `set_option linter.unreachableTactic false`
/root/peer/strengthen/s20260902_092522_2/t01.c4__base.lean:34:4: warning: this tactic is never executed

Note: This linter can be disabled with `set_option linter.unreachableTactic false`
/root/peer/strengthen/s20260902_092522_2/t01.c4__base.lean:35:4: warning: this tactic is never executed

Note: This linter can be disabled with `set_option linter.unreachableTactic false`
/root/peer/strengthen/s20260902_092522_2/t01.c4__base.lean:25:5: warning: 'trace "MSLCLOSE t01_decide"' tactic does nothing

Note: This linter can be disabled with `set_option linter.unusedTactic false`
/root/peer/strengthen/s20260902_092522_2/t01.c4__base.lean:25:76: warning: 'done' tactic does nothing

Note: This linter can be disabled with `set_option linter.unusedTactic false`
/root/peer/strengthen/s20260902_092522_2/t01.c4__base.lean:26:4: warning: '(trace "MSLCLOSE t02_omega"; set_option maxHeartbeats 3000 in (omega; done))' tactic does nothing

Note: This linter can be disabled with `set_option linter.unusedTactic false`
/root/peer/strengthen/s20260902_092522_2/t01.c4__base.lean:27:4: warning: '(trace "MSLCLOSE t03_ring_nf"; set_option maxHeartbeats 2000 in (ring_nf; done))' tactic does nothing

Note: This linter can be disabled with `set_option linter.unusedTactic false`
/root/peer/strengthen/s20260902_092522_2/t01.c4__base.lean:28:4: warning: '(trace "MSLCLOSE t04_ring"; set_option maxHeartbeats 2000 in (ring; done))' tactic does nothing

Note: This linter can be disabled with `set_option linter.unusedTactic false`
/root/peer/strengthen/s20260902_092522_2/t01.c4__base.lean:29:4: warning: '(trace "MSLCLOSE t05_linarith"; set_option maxHeartbeats 4000 in (linarith; done))' tactic does nothing

Note: This linter can be disabled with `set_option linter.unusedTactic false`
/root/peer/strengthen/s20260902_092522_2/t01.c4__base.lean:30:4: warning: '(trace "MSLCLOSE t06_nlinarith"; set_option maxHeartbeats 10000 in (nlinarith; done))' tactic does nothing

Note: This linter can be disabled with `set_option linter.unusedTactic false`
/root/peer/strengthen/s20260902_092522_2/t01.c4__base.lean:31:4: warning: '(trace "MSLCLOSE t07_gcongr"; set_option maxHeartbeats 4000 in (gcongr; done))' tactic does nothing

Note: This linter can be disabled with `set_option linter.unusedTactic false`
/root/peer/strengthen/s20260902_092522_2/t01.c4__base.lean:32:4: warning: '(trace "MSLCLOSE t08_positivity"; set_option maxHeartbeats 2000 in (positivity; done))' tactic does nothing

Note: This linter can be disabled with `set_option linter.unusedTactic false`
/root/peer/strengthen/s20260902_092522_2/t01.c4__base.lean:33:4: warning: '(trace "MSLCLOSE t09_aesop"; set_option maxHeartbeats 20000 in (aesop; done))' tactic does nothing

Note: This linter can be disabled with `set_option linter.unusedTactic false`
/root/peer/strengthen/s20260902_092522_2/t01.c4__base.lean:34:4: warning: '(trace "MSLCLOSE t10_simp"; set_option maxHeartbeats 20000 in (simp; done))' tactic does nothing

Note: This linter can be disabled with `set_option linter.unusedTactic false`
/root/peer/strengthen/s20260902_092522_2/t01.c4__base.lean:35:4: warning: '(trace "MSLGOAL_BEGIN"; trace_state; sorry)' tactic does nothing

Note: This linter can be disabled with `set_option linter.unusedTactic false`
'th_t01_c4_base' depends on axioms: [propext, Classical.choice, Quot.sound]
