MSLGOAL_BEGIN
n : ℕ
h : 2 ≤ n → ∑ i ∈ Icc 2 n, 1 / (↑i * (↑i - 1)) = 1 - 1 / ↑n
⊢ 2 ≤ n → 1 / ↑n = 1 / (↑n + 1) + 1 / (↑n * (↑n + 1))
/root/peer/strengthen/s20260902_092522_2/t01.c1__implication.lean:22:8: warning: declaration uses `sorry`
/root/peer/strengthen/s20260902_092522_2/t01.c1__implication.lean:26:76: warning: this tactic is never executed

Note: This linter can be disabled with `set_option linter.unreachableTactic false`
/root/peer/strengthen/s20260902_092522_2/t01.c1__implication.lean:27:74: warning: this tactic is never executed

Note: This linter can be disabled with `set_option linter.unreachableTactic false`
/root/peer/strengthen/s20260902_092522_2/t01.c1__implication.lean:30:80: warning: this tactic is never executed

Note: This linter can be disabled with `set_option linter.unreachableTactic false`
/root/peer/strengthen/s20260902_092522_2/t01.c1__implication.lean:31:83: warning: this tactic is never executed

Note: This linter can be disabled with `set_option linter.unreachableTactic false`
/root/peer/strengthen/s20260902_092522_2/t01.c1__implication.lean:32:76: warning: this tactic is never executed

Note: This linter can be disabled with `set_option linter.unreachableTactic false`
/root/peer/strengthen/s20260902_092522_2/t01.c1__implication.lean:33:84: warning: this tactic is never executed

Note: This linter can be disabled with `set_option linter.unreachableTactic false`
/root/peer/strengthen/s20260902_092522_2/t01.c1__implication.lean:26:5: warning: 'trace "MSLCLOSE t01_decide"' tactic does nothing

Note: This linter can be disabled with `set_option linter.unusedTactic false`
/root/peer/strengthen/s20260902_092522_2/t01.c1__implication.lean:26:34: warning: 'set_option maxHeartbeats 1000 in (decide; done)' tactic does nothing

Note: This linter can be disabled with `set_option linter.unusedTactic false`
/root/peer/strengthen/s20260902_092522_2/t01.c1__implication.lean:27:5: warning: 'trace "MSLCLOSE t02_omega"' tactic does nothing

Note: This linter can be disabled with `set_option linter.unusedTactic false`
/root/peer/strengthen/s20260902_092522_2/t01.c1__implication.lean:27:74: warning: 'done' tactic does nothing

Note: This linter can be disabled with `set_option linter.unusedTactic false`
/root/peer/strengthen/s20260902_092522_2/t01.c1__implication.lean:28:5: warning: 'trace "MSLCLOSE t03_ring_nf"' tactic does nothing

Note: This linter can be disabled with `set_option linter.unusedTactic false`
/root/peer/strengthen/s20260902_092522_2/t01.c1__implication.lean:29:5: warning: 'trace "MSLCLOSE t04_ring"' tactic does nothing

Note: This linter can be disabled with `set_option linter.unusedTactic false`
/root/peer/strengthen/s20260902_092522_2/t01.c1__implication.lean:30:5: warning: 'trace "MSLCLOSE t05_linarith"' tactic does nothing

Note: This linter can be disabled with `set_option linter.unusedTactic false`
/root/peer/strengthen/s20260902_092522_2/t01.c1__implication.lean:30:36: warning: 'set_option maxHeartbeats 4000 in (linarith; done)' tactic does nothing

Note: This linter can be disabled with `set_option linter.unusedTactic false`
/root/peer/strengthen/s20260902_092522_2/t01.c1__implication.lean:31:5: warning: 'trace "MSLCLOSE t06_nlinarith"' tactic does nothing

Note: This linter can be disabled with `set_option linter.unusedTactic false`
/root/peer/strengthen/s20260902_092522_2/t01.c1__implication.lean:31:37: warning: 'set_option maxHeartbeats 10000 in (nlinarith; done)' tactic does nothing

Note: This linter can be disabled with `set_option linter.unusedTactic false`
/root/peer/strengthen/s20260902_092522_2/t01.c1__implication.lean:32:5: warning: 'trace "MSLCLOSE t07_gcongr"' tactic does nothing

Note: This linter can be disabled with `set_option linter.unusedTactic false`
/root/peer/strengthen/s20260902_092522_2/t01.c1__implication.lean:32:34: warning: 'set_option maxHeartbeats 4000 in (gcongr; done)' tactic does nothing

Note: This linter can be disabled with `set_option linter.unusedTactic false`
/root/peer/strengthen/s20260902_092522_2/t01.c1__implication.lean:33:5: warning: 'trace "MSLCLOSE t08_positivity"' tactic does nothing

Note: This linter can be disabled with `set_option linter.unusedTactic false`
/root/peer/strengthen/s20260902_092522_2/t01.c1__implication.lean:33:38: warning: 'set_option maxHeartbeats 2000 in (positivity; done)' tactic does nothing

Note: This linter can be disabled with `set_option linter.unusedTactic false`
/root/peer/strengthen/s20260902_092522_2/t01.c1__implication.lean:34:5: warning: 'trace "MSLCLOSE t09_aesop"' tactic does nothing

Note: This linter can be disabled with `set_option linter.unusedTactic false`
/root/peer/strengthen/s20260902_092522_2/t01.c1__implication.lean:35:5: warning: 'trace "MSLCLOSE t10_simp"' tactic does nothing

Note: This linter can be disabled with `set_option linter.unusedTactic false`
/root/peer/strengthen/s20260902_092522_2/t01.c1__implication.lean:36:5: warning: 'trace "MSLGOAL_BEGIN"' tactic does nothing

Note: This linter can be disabled with `set_option linter.unusedTactic false`
'th_t01_c1_impl' depends on axioms: [propext, sorryAx, Classical.choice, Quot.sound]
