/root/peer/sub-500/Attack01.lean:361:2: warning: `push_neg` has been deprecated. Prefer using `push Not` instead.
If you'd rather continue using `push_neg` in your project, you can implement it as follows:
```
open Lean.Parser.Tactic in
macro "push_neg" cfg:optConfig loc:(location)? : tactic =>
  `(tactic| push $cfg:optConfig Not $[$loc]?)
```
/root/peer/sub-500/Attack01.lean:613:8: warning: declaration uses `sorry`
/root/peer/sub-500/Attack01.lean:625:8: warning: declaration uses `sorry`
'Erdos500.subset_powersetCard' depends on axioms: [propext, Classical.choice, Quot.sound]
'Erdos500.exSet_bddAbove' depends on axioms: [propext, Classical.choice, Quot.sound]
'Erdos500.exSet_nonempty' depends on axioms: [propext, Classical.choice, Quot.sound]
'Erdos500.ex3_le_choose' depends on axioms: [propext, Classical.choice, Quot.sound]
'Erdos500.ex3_eq_choose_of_lt_four' depends on axioms: [propext, Classical.choice, Quot.sound]
'Erdos500.ex3_zero' depends on axioms: [propext, Classical.choice, Quot.sound]
'Erdos500.ex3_two' depends on axioms: [propext, Classical.choice, Quot.sound]
'Erdos500.ex3_three' depends on axioms: [propext, Classical.choice, Quot.sound]
'Erdos500.turanDensity_unique' depends on axioms: [propext, Classical.choice, Quot.sound]
'Erdos500.turanConjecture_imp_question' depends on axioms: [propext, Classical.choice, Quot.sound]
'Erdos500.turanEdges_is3Uniform' depends on axioms: [propext, Classical.choice, Quot.sound]
'Erdos500.turanEdges_card_le_ex3_of_free' depends on axioms: [propext, Classical.choice, Quot.sound]
'Erdos500.turan_lt_razborov' depends on axioms: [propext, Classical.choice, Quot.sound]
'Erdos500.fin3_trichotomy' depends on axioms: [propext, Quot.sound]
'Erdos500.fin3_shift_ne' depends on axioms: [propext, Quot.sound]
'Erdos500.partCard_of_all' depends on axioms: [propext, Classical.choice, Quot.sound]
'Erdos500.partCard_of_all_other' depends on axioms: [propext, Classical.choice, Quot.sound]
'Erdos500.partCard_split' depends on axioms: [propext, Classical.choice, Quot.sound]
'Erdos500.not_turanAdmissible_of_three' depends on axioms: [propext, Classical.choice, Quot.sound]
'Erdos500.not_turanAdmissible_of_two_one' depends on axioms: [propext, Classical.choice, Quot.sound]
'Erdos500.exists_extremal' depends on axioms: [propext, Classical.choice, Quot.sound]
'Erdos500.card_filter_subset_le_three' depends on axioms: [propext, Classical.choice, Quot.sound]
'Erdos500.card_supersets_ge' depends on axioms: [propext, Classical.choice, Quot.sound]
'Erdos500.four_mul_card_le' depends on axioms: [propext, Classical.choice, Quot.sound]
'Erdos500.turan_construction_free' depends on axioms: [propext, Classical.choice, Quot.sound]
'Erdos500.ex3_four_mul_le' depends on axioms: [propext, Classical.choice, Quot.sound]
'Erdos500.three_quarters_weaker_than_razborov' depends on axioms: [propext, Classical.choice, Quot.sound]
'Erdos500.density_le_three_quarters' depends on axioms: [propext, Classical.choice, Quot.sound]
'Erdos500.ex3_upper_bound_three_quarters' depends on axioms: [propext, Classical.choice, Quot.sound]
'Erdos500.density_upper_conditional' depends on axioms: [propext, Classical.choice, Quot.sound]
'Erdos500.ex3_four' depends on axioms: [propext, Classical.choice, Quot.sound]
'Erdos500.three_quarters_tight_at_four' depends on axioms: [propext, Classical.choice, Quot.sound]
'Erdos500.density_four' depends on axioms: [propext, Classical.choice, Quot.sound]
'Erdos500.turanEdges_four_card' depends on axioms: [propext, Classical.choice, Quot.sound]
'Erdos500.turanEdges_five_card' depends on axioms: [propext, Classical.choice, Quot.sound]
'Erdos500.ex3_five' depends on axioms: [propext, Classical.choice, Quot.sound]
'Erdos500.density_five' depends on axioms: [propext, Classical.choice, Quot.sound]
'Erdos500.turanEdges_six_card' depends on axioms: [propext, Classical.choice, Quot.sound]
'Erdos500.ex3_six_sandwich' depends on axioms: [propext, Classical.choice, Quot.sound]
'Erdos500.turan_lower_bound_of_construction_card' depends on axioms: [propext, Classical.choice, Quot.sound]
'Erdos500.turan_density_lower_of_bound' depends on axioms: [propext, Classical.choice, Quot.sound]
'Erdos500.razborov_density_upper_of_bound' depends on axioms: [propext, Classical.choice, Quot.sound]
'Erdos500.turan_construction_card' depends on axioms: [propext, sorryAx, Classical.choice, Quot.sound]
'Erdos500.turan_lower_bound' depends on axioms: [propext, sorryAx, Classical.choice, Quot.sound]
'Erdos500.razborov_upper_bound' depends on axioms: [propext, sorryAx, Classical.choice, Quot.sound]
'Erdos500.turan_density_lower' depends on axioms: [propext, sorryAx, Classical.choice, Quot.sound]
'Erdos500.razborov_density_upper' depends on axioms: [propext, sorryAx, Classical.choice, Quot.sound]
