/dev/shm/Attack02.lean:120:2: warning: `push_neg` has been deprecated. Prefer using `push Not` instead.
If you'd rather continue using `push_neg` in your project, you can implement it as follows:
```
open Lean.Parser.Tactic in
macro "push_neg" cfg:optConfig loc:(location)? : tactic =>
  `(tactic| push $cfg:optConfig Not $[$loc]?)
```
/dev/shm/Attack02.lean:144:2: warning: `push_neg` has been deprecated. Prefer using `push Not` instead.
If you'd rather continue using `push_neg` in your project, you can implement it as follows:
```
open Lean.Parser.Tactic in
macro "push_neg" cfg:optConfig loc:(location)? : tactic =>
  `(tactic| push $cfg:optConfig Not $[$loc]?)
```
/dev/shm/Attack02.lean:237:2: warning: `push_neg` has been deprecated. Prefer using `push Not` instead.
If you'd rather continue using `push_neg` in your project, you can implement it as follows:
```
open Lean.Parser.Tactic in
macro "push_neg" cfg:optConfig loc:(location)? : tactic =>
  `(tactic| push $cfg:optConfig Not $[$loc]?)
```
/dev/shm/Attack02.lean:252:2: warning: `push_neg` has been deprecated. Prefer using `push Not` instead.
If you'd rather continue using `push_neg` in your project, you can implement it as follows:
```
open Lean.Parser.Tactic in
macro "push_neg" cfg:optConfig loc:(location)? : tactic =>
  `(tactic| push $cfg:optConfig Not $[$loc]?)
```
/dev/shm/Attack02.lean:399:16: warning: this tactic is never executed

Note: This linter can be disabled with `set_option linter.unreachableTactic false`
/dev/shm/Attack02.lean:399:16: warning: 'exact Finset.card_insert_of_notMem hvs'' tactic does nothing

Note: This linter can be disabled with `set_option linter.unusedTactic false`
/dev/shm/Attack02.lean:470:8: warning: `push_neg` has been deprecated. Prefer using `push Not` instead.
If you'd rather continue using `push_neg` in your project, you can implement it as follows:
```
open Lean.Parser.Tactic in
macro "push_neg" cfg:optConfig loc:(location)? : tactic =>
  `(tactic| push $cfg:optConfig Not $[$loc]?)
```
/dev/shm/Attack02.lean:547:8: warning: `push_neg` has been deprecated. Prefer using `push Not` instead.
If you'd rather continue using `push_neg` in your project, you can implement it as follows:
```
open Lean.Parser.Tactic in
macro "push_neg" cfg:optConfig loc:(location)? : tactic =>
  `(tactic| push $cfg:optConfig Not $[$loc]?)
```
/dev/shm/Attack02.lean:551:8: warning: `push_neg` has been deprecated. Prefer using `push Not` instead.
If you'd rather continue using `push_neg` in your project, you can implement it as follows:
```
open Lean.Parser.Tactic in
macro "push_neg" cfg:optConfig loc:(location)? : tactic =>
  `(tactic| push $cfg:optConfig Not $[$loc]?)
```
/dev/shm/Attack02.lean:731:6: warning: `push_neg` has been deprecated. Prefer using `push Not` instead.
If you'd rather continue using `push_neg` in your project, you can implement it as follows:
```
open Lean.Parser.Tactic in
macro "push_neg" cfg:optConfig loc:(location)? : tactic =>
  `(tactic| push $cfg:optConfig Not $[$loc]?)
```
/dev/shm/Attack02.lean:863:4: warning: `push_neg` has been deprecated. Prefer using `push Not` instead.
If you'd rather continue using `push_neg` in your project, you can implement it as follows:
```
open Lean.Parser.Tactic in
macro "push_neg" cfg:optConfig loc:(location)? : tactic =>
  `(tactic| push $cfg:optConfig Not $[$loc]?)
```
/dev/shm/Attack02.lean:838:21: warning: 'ring' tactic does nothing

Note: This linter can be disabled with `set_option linter.unusedTactic false`
/dev/shm/Attack02.lean:896:23: warning: 'ring' tactic does nothing

Note: This linter can be disabled with `set_option linter.unusedTactic false`
'Erdos165.IsIndep' depends on axioms: [propext, Quot.sound]
'Erdos165.isIndep_iff_compl_isClique' depends on axioms: [propext, Quot.sound]
'Erdos165.IsIndep.subset' depends on axioms: [propext, Quot.sound]
'Erdos165.not_cliqueFree_compl_of_indep' depends on axioms: [propext, Classical.choice, Quot.sound]
'Erdos165.three_clique_of_adj' depends on axioms: [propext, Classical.choice, Quot.sound]
'Erdos165.indep_neighborhood' depends on axioms: [propext, Classical.choice, Quot.sound]
'Erdos165.exists_indep_of_cover' depends on axioms: [propext, Classical.choice, Quot.sound]
'Erdos165.card_lt_of_triangleFree_of_indep_lt' depends on axioms: [propext, Classical.choice, Quot.sound]
'Erdos165.R_three_le_of_indep_guarantee' depends on axioms: [propext, Classical.choice, Quot.sound]
'Erdos165.isRamseyBound_three_sq' depends on axioms: [propext, Classical.choice, Quot.sound]
'Erdos165.R_three_le_sq' depends on axioms: [propext, Classical.choice, Quot.sound]
'Erdos165.RamseySet_three_nonempty' depends on axioms: [propext, Classical.choice, Quot.sound]
'Erdos165.R_three_le_iff' depends on axioms: [propext, Classical.choice, Quot.sound]
'Erdos165.lt_R_of_witness_uncond' depends on axioms: [propext, Classical.choice, Quot.sound]
'Erdos165.le_R_three' depends on axioms: [propext, Classical.choice, Quot.sound]
'Erdos165.R_three_mem_Icc' depends on axioms: [propext, Classical.choice, Quot.sound]
'Erdos165.lower_bound_of_witness_family_uncond' depends on axioms: [propext, Classical.choice, Quot.sound]
'Erdos165.isRamseyBound_three_three_six' depends on axioms: [propext, Classical.choice, Quot.sound]
'Erdos165.R_three_three_eq_six' depends on axioms: [propext, Classical.choice, Quot.sound]
'Erdos165.R_le_log_mul_scale' depends on axioms: [propext, Classical.choice, Quot.sound]
'Erdos165.ratio_le_log' depends on axioms: [propext, Classical.choice, Quot.sound]
'Erdos165.shearerF_lt' depends on axioms: [propext, Classical.choice, Quot.sound]
'Erdos165.lt_shearerF' depends on axioms: [propext, Classical.choice, Quot.sound]
'Erdos165.shearerF_sandwich' depends on axioms: [propext, Classical.choice, Quot.sound]
'Erdos165.one_lt_exp_one' depends on axioms: [propext, Classical.choice, Quot.sound]
'Erdos165.shearerF_pos' depends on axioms: [propext, Classical.choice, Quot.sound]
'Erdos165.carowei_lt_shearerF' depends on axioms: [propext, Classical.choice, Quot.sound]
'Erdos165.R_three_le_of_shearerBound' depends on axioms: [propext, Classical.choice, Quot.sound]
'Erdos165.shearer_upper_of_bound_and_estimate' depends on axioms: [propext, Classical.choice, Quot.sound]
'Erdos165.question_constant_mem_Icc_of_shearer' depends on axioms: [propext, Classical.choice, Quot.sound]
'Erdos165.conjecture_c_eq_half_needs_better_input' depends on axioms: [propext, Classical.choice, Quot.sound]
'Erdos165.eventually_log_ge' depends on axioms: [propext, Classical.choice, Quot.sound]
'Erdos165.scale_ge_self' depends on axioms: [propext, Classical.choice, Quot.sound]
'Erdos165.shearer_estimate' depends on axioms: [propext, Classical.choice, Quot.sound]
'Erdos165.shearer_upper_of_bound' depends on axioms: [propext, Classical.choice, Quot.sound]
'Erdos165.question_constant_mem_Icc_of_shearerBound' depends on axioms: [propext, Classical.choice, Quot.sound]
