/root/peer/sub-165/Attack01.lean:129:2: warning: `push_neg` has been deprecated. Prefer using `push Not` instead.
If you'd rather continue using `push_neg` in your project, you can implement it as follows:
```
open Lean.Parser.Tactic in
macro "push_neg" cfg:optConfig loc:(location)? : tactic =>
  `(tactic| push $cfg:optConfig Not $[$loc]?)
```
/root/peer/sub-165/Attack01.lean:157:2: warning: `push_neg` has been deprecated. Prefer using `push Not` instead.
If you'd rather continue using `push_neg` in your project, you can implement it as follows:
```
open Lean.Parser.Tactic in
macro "push_neg" cfg:optConfig loc:(location)? : tactic =>
  `(tactic| push $cfg:optConfig Not $[$loc]?)
```
/root/peer/sub-165/Attack01.lean:333:2: warning: `push_neg` has been deprecated. Prefer using `push Not` instead.
If you'd rather continue using `push_neg` in your project, you can implement it as follows:
```
open Lean.Parser.Tactic in
macro "push_neg" cfg:optConfig loc:(location)? : tactic =>
  `(tactic| push $cfg:optConfig Not $[$loc]?)
```
/root/peer/sub-165/Attack01.lean:348:2: warning: `push_neg` has been deprecated. Prefer using `push Not` instead.
If you'd rather continue using `push_neg` in your project, you can implement it as follows:
```
open Lean.Parser.Tactic in
macro "push_neg" cfg:optConfig loc:(location)? : tactic =>
  `(tactic| push $cfg:optConfig Not $[$loc]?)
```
'Erdos165.not_cliqueFree_zero' depends on axioms: [propext, Classical.choice, Quot.sound]
'Erdos165.isRamseyBound_zero_right' depends on axioms: [propext, Classical.choice, Quot.sound]
'Erdos165.R_zero_right' depends on axioms: [propext, Classical.choice, Quot.sound]
'Erdos165.cliqueFree_comap' depends on axioms: [propext, Classical.choice, Quot.sound]
'Erdos165.isRamseyBound_mono_n' depends on axioms: [propext, Classical.choice, Quot.sound]
'Erdos165.RamseySet_upward_closed' depends on axioms: [propext, Classical.choice, Quot.sound]
'Erdos165.isRamseyBound_mono_left' depends on axioms: [propext, Classical.choice, Quot.sound]
'Erdos165.R_mono_left' depends on axioms: [propext, Classical.choice, Quot.sound]
'Erdos165.R_le_iff_of_nonempty' depends on axioms: [propext, Classical.choice, Quot.sound]
'Erdos165.lt_R_of_not_isRamseyBound' depends on axioms: [propext, Classical.choice, Quot.sound]
'Erdos165.lt_R_of_witness' depends on axioms: [propext, Classical.choice, Quot.sound]
'Erdos165.not_mem_RamseySet_of_lt' depends on axioms: [propext, Classical.choice, Quot.sound]
'Erdos165.le_R_of_nonempty' depends on axioms: [propext, Classical.choice, Quot.sound]
'Erdos165.isRamseyBound_three_two_three' depends on axioms: [propext, Classical.choice, Quot.sound]
'Erdos165.not_isRamseyBound_three_two_two' depends on axioms: [propext, Classical.choice, Quot.sound]
'Erdos165.R_three_two' depends on axioms: [propext, Classical.choice, Quot.sound]
'Erdos165.C5_triangleFree' depends on axioms: [propext, Classical.choice, Quot.sound]
'Erdos165.C5_compl_cliqueFree_three' depends on axioms: [propext, Classical.choice, Quot.sound]
'Erdos165.not_isRamseyBound_three_three_five' depends on axioms: [propext, Classical.choice, Quot.sound]
'Erdos165.six_le_R_three_three' depends on axioms: [propext, Classical.choice, Quot.sound]
'Erdos165.log_nat_pos' depends on axioms: [propext, Classical.choice, Quot.sound]
'Erdos165.sq_nat_pos' depends on axioms: [propext, Classical.choice, Quot.sound]
'Erdos165.scale_pos' depends on axioms: [propext, Classical.choice, Quot.sound]
'Erdos165.scale_mul_log' depends on axioms: [propext, Classical.choice, Quot.sound]
'Erdos165.le_ratio_of_le_scale' depends on axioms: [propext, Classical.choice, Quot.sound]
'Erdos165.ratio_le_of_scale_le' depends on axioms: [propext, Classical.choice, Quot.sound]
'Erdos165.le_scale_of_le_ratio' depends on axioms: [propext, Classical.choice, Quot.sound]
'Erdos165.scale_le_of_ratio_le' depends on axioms: [propext, Classical.choice, Quot.sound]
'Erdos165.limit_ge_of_lower_bound' depends on axioms: [propext, Classical.choice, Quot.sound]
'Erdos165.limit_le_of_upper_bound' depends on axioms: [propext, Classical.choice, Quot.sound]
'Erdos165.not_tendsto_of_lower_bound' depends on axioms: [propext, Classical.choice, Quot.sound]
'Erdos165.lower_bound_mono' depends on axioms: [propext, Classical.choice, Quot.sound]
'Erdos165.lower_bound_of_witness_family' depends on axioms: [propext, Classical.choice, Quot.sound]
'Erdos165.not_conjecture_pgm_of_cjms' depends on axioms: [propext, Classical.choice, Quot.sound]
'Erdos165.not_conjecture_pgm_of_hhkp' depends on axioms: [propext, Classical.choice, Quot.sound]
'Erdos165.conjecture_pgm_and_half_incompatible' depends on axioms: [propext, Classical.choice, Quot.sound]
'Erdos165.conjecture_pgm_implies_question' depends on axioms: [propext, Classical.choice, Quot.sound]
'Erdos165.question_constant_mem_Icc_of_bounds' depends on axioms: [propext, Classical.choice, Quot.sound]
'Erdos165.kim_shearer_bounds_of_parts' depends on axioms: [propext, Classical.choice, Quot.sound]
'Erdos165.order_of_magnitude_of_kim_shearer' depends on axioms: [propext, Classical.choice, Quot.sound]
'Erdos165.tendsto_of_two_sided_bounds' depends on axioms: [propext, Classical.choice, Quot.sound]
'Erdos165.question_of_two_sided_bounds' depends on axioms: [propext, Classical.choice, Quot.sound]
'Erdos165.tendsto_iff_two_sided_bounds' depends on axioms: [propext, Classical.choice, Quot.sound]
'Erdos165.conjecture_c_eq_half_of_bounds' depends on axioms: [propext, Classical.choice, Quot.sound]
'Erdos165.conjecture_c_eq_half_iff_upper_of_hhkp' depends on axioms: [propext, Classical.choice, Quot.sound]
'Erdos165.question_iff_exists_two_sided_bounds' depends on axioms: [propext, Classical.choice, Quot.sound]
