MSLCLOSE t02_omega
/root/peer/strengthen/s20260902_093018_5/t02.c2__implication.lean:26:76: warning: this tactic is never executed

Note: This linter can be disabled with `set_option linter.unreachableTactic false`
/root/peer/strengthen/s20260902_093018_5/t02.c2__implication.lean:28:4: warning: this tactic is never executed

Note: This linter can be disabled with `set_option linter.unreachableTactic false`
/root/peer/strengthen/s20260902_093018_5/t02.c2__implication.lean:29:4: warning: this tactic is never executed

Note: This linter can be disabled with `set_option linter.unreachableTactic false`
/root/peer/strengthen/s20260902_093018_5/t02.c2__implication.lean:30:4: warning: this tactic is never executed

Note: This linter can be disabled with `set_option linter.unreachableTactic false`
/root/peer/strengthen/s20260902_093018_5/t02.c2__implication.lean:31:4: warning: this tactic is never executed

Note: This linter can be disabled with `set_option linter.unreachableTactic false`
/root/peer/strengthen/s20260902_093018_5/t02.c2__implication.lean:32:4: warning: this tactic is never executed

Note: This linter can be disabled with `set_option linter.unreachableTactic false`
/root/peer/strengthen/s20260902_093018_5/t02.c2__implication.lean:33:4: warning: this tactic is never executed

Note: This linter can be disabled with `set_option linter.unreachableTactic false`
/root/peer/strengthen/s20260902_093018_5/t02.c2__implication.lean:34:4: warning: this tactic is never executed

Note: This linter can be disabled with `set_option linter.unreachableTactic false`
/root/peer/strengthen/s20260902_093018_5/t02.c2__implication.lean:35:4: warning: this tactic is never executed

Note: This linter can be disabled with `set_option linter.unreachableTactic false`
/root/peer/strengthen/s20260902_093018_5/t02.c2__implication.lean:36:4: warning: this tactic is never executed

Note: This linter can be disabled with `set_option linter.unreachableTactic false`
/root/peer/strengthen/s20260902_093018_5/t02.c2__implication.lean:26:5: warning: 'trace "MSLCLOSE t01_decide"' tactic does nothing

Note: This linter can be disabled with `set_option linter.unusedTactic false`
/root/peer/strengthen/s20260902_093018_5/t02.c2__implication.lean:26:34: warning: 'set_option maxHeartbeats 1000 in (decide; done)' tactic does nothing

Note: This linter can be disabled with `set_option linter.unusedTactic false`
/root/peer/strengthen/s20260902_093018_5/t02.c2__implication.lean:27:5: warning: 'trace "MSLCLOSE t02_omega"' tactic does nothing

Note: This linter can be disabled with `set_option linter.unusedTactic false`
/root/peer/strengthen/s20260902_093018_5/t02.c2__implication.lean:27:74: warning: 'done' tactic does nothing

Note: This linter can be disabled with `set_option linter.unusedTactic false`
/root/peer/strengthen/s20260902_093018_5/t02.c2__implication.lean:28:4: warning: '(trace "MSLCLOSE t03_ring_nf"; set_option maxHeartbeats 2000 in (ring_nf; done))' tactic does nothing

Note: This linter can be disabled with `set_option linter.unusedTactic false`
/root/peer/strengthen/s20260902_093018_5/t02.c2__implication.lean:29:4: warning: '(trace "MSLCLOSE t04_ring"; set_option maxHeartbeats 2000 in (ring; done))' tactic does nothing

Note: This linter can be disabled with `set_option linter.unusedTactic false`
/root/peer/strengthen/s20260902_093018_5/t02.c2__implication.lean:30:4: warning: '(trace "MSLCLOSE t05_linarith"; set_option maxHeartbeats 4000 in (linarith; done))' tactic does nothing

Note: This linter can be disabled with `set_option linter.unusedTactic false`
/root/peer/strengthen/s20260902_093018_5/t02.c2__implication.lean:31:4: warning: '(trace "MSLCLOSE t06_nlinarith"; set_option maxHeartbeats 10000 in (nlinarith; done))' tactic does nothing

Note: This linter can be disabled with `set_option linter.unusedTactic false`
/root/peer/strengthen/s20260902_093018_5/t02.c2__implication.lean:32:4: warning: '(trace "MSLCLOSE t07_gcongr"; set_option maxHeartbeats 4000 in (gcongr; done))' tactic does nothing

Note: This linter can be disabled with `set_option linter.unusedTactic false`
/root/peer/strengthen/s20260902_093018_5/t02.c2__implication.lean:33:4: warning: '(trace "MSLCLOSE t08_positivity"; set_option maxHeartbeats 2000 in (positivity; done))' tactic does nothing

Note: This linter can be disabled with `set_option linter.unusedTactic false`
/root/peer/strengthen/s20260902_093018_5/t02.c2__implication.lean:34:4: warning: '(trace "MSLCLOSE t09_aesop"; set_option maxHeartbeats 20000 in (aesop; done))' tactic does nothing

Note: This linter can be disabled with `set_option linter.unusedTactic false`
/root/peer/strengthen/s20260902_093018_5/t02.c2__implication.lean:35:4: warning: '(trace "MSLCLOSE t10_simp"; set_option maxHeartbeats 20000 in (simp; done))' tactic does nothing

Note: This linter can be disabled with `set_option linter.unusedTactic false`
/root/peer/strengthen/s20260902_093018_5/t02.c2__implication.lean:36:4: warning: '(trace "MSLGOAL_BEGIN"; trace_state; sorry)' tactic does nothing

Note: This linter can be disabled with `set_option linter.unusedTactic false`
'th_t02_c2_impl' depends on axioms: [propext, Classical.choice, Quot.sound]
