MSLGOAL_BEGIN
k : ℕ
h : ∀ m ≤ k, 2 ≤ m → m + 2 < m * (m + 1)
⊢ ∀ m ≤ k + 1, 2 ≤ m → m + 2 < m * (m + 1)
/root/peer/strengthen/s20260902_093018_5/t02.c3__step.lean:22:8: warning: declaration uses `sorry`
/root/peer/strengthen/s20260902_093018_5/t02.c3__step.lean:24:45: warning: This simp argument is unused:
  msl_p_erdos289_a_m01_d2

Hint: Omit it from the simp argument list.
  simp only [msl_q_erdos289_a_m01_d2_s3,̵ ̵m̵s̵l̵_̵p̵_̵e̵r̵d̵o̵s̵2̵8̵9̵_̵a̵_̵m̵0̵1̵_̵d̵2̵] at *

Note: This linter can be disabled with `set_option linter.unusedSimpArgs false`
/root/peer/strengthen/s20260902_093018_5/t02.c3__step.lean:26:76: warning: this tactic is never executed

Note: This linter can be disabled with `set_option linter.unreachableTactic false`
/root/peer/strengthen/s20260902_093018_5/t02.c3__step.lean:27:74: warning: this tactic is never executed

Note: This linter can be disabled with `set_option linter.unreachableTactic false`
/root/peer/strengthen/s20260902_093018_5/t02.c3__step.lean:30:80: warning: this tactic is never executed

Note: This linter can be disabled with `set_option linter.unreachableTactic false`
/root/peer/strengthen/s20260902_093018_5/t02.c3__step.lean:31:83: warning: this tactic is never executed

Note: This linter can be disabled with `set_option linter.unreachableTactic false`
/root/peer/strengthen/s20260902_093018_5/t02.c3__step.lean:32:76: warning: this tactic is never executed

Note: This linter can be disabled with `set_option linter.unreachableTactic false`
/root/peer/strengthen/s20260902_093018_5/t02.c3__step.lean:33:84: warning: this tactic is never executed

Note: This linter can be disabled with `set_option linter.unreachableTactic false`
/root/peer/strengthen/s20260902_093018_5/t02.c3__step.lean:35:73: warning: this tactic is never executed

Note: This linter can be disabled with `set_option linter.unreachableTactic false`
/root/peer/strengthen/s20260902_093018_5/t02.c3__step.lean:26:5: warning: 'trace "MSLCLOSE t01_decide"' tactic does nothing

Note: This linter can be disabled with `set_option linter.unusedTactic false`
/root/peer/strengthen/s20260902_093018_5/t02.c3__step.lean:26:34: warning: 'set_option maxHeartbeats 1000 in (decide; done)' tactic does nothing

Note: This linter can be disabled with `set_option linter.unusedTactic false`
/root/peer/strengthen/s20260902_093018_5/t02.c3__step.lean:27:5: warning: 'trace "MSLCLOSE t02_omega"' tactic does nothing

Note: This linter can be disabled with `set_option linter.unusedTactic false`
/root/peer/strengthen/s20260902_093018_5/t02.c3__step.lean:27:74: warning: 'done' tactic does nothing

Note: This linter can be disabled with `set_option linter.unusedTactic false`
/root/peer/strengthen/s20260902_093018_5/t02.c3__step.lean:28:5: warning: 'trace "MSLCLOSE t03_ring_nf"' tactic does nothing

Note: This linter can be disabled with `set_option linter.unusedTactic false`
/root/peer/strengthen/s20260902_093018_5/t02.c3__step.lean:29:5: warning: 'trace "MSLCLOSE t04_ring"' tactic does nothing

Note: This linter can be disabled with `set_option linter.unusedTactic false`
/root/peer/strengthen/s20260902_093018_5/t02.c3__step.lean:30:5: warning: 'trace "MSLCLOSE t05_linarith"' tactic does nothing

Note: This linter can be disabled with `set_option linter.unusedTactic false`
/root/peer/strengthen/s20260902_093018_5/t02.c3__step.lean:30:36: warning: 'set_option maxHeartbeats 4000 in (linarith; done)' tactic does nothing

Note: This linter can be disabled with `set_option linter.unusedTactic false`
/root/peer/strengthen/s20260902_093018_5/t02.c3__step.lean:31:5: warning: 'trace "MSLCLOSE t06_nlinarith"' tactic does nothing

Note: This linter can be disabled with `set_option linter.unusedTactic false`
/root/peer/strengthen/s20260902_093018_5/t02.c3__step.lean:31:37: warning: 'set_option maxHeartbeats 10000 in (nlinarith; done)' tactic does nothing

Note: This linter can be disabled with `set_option linter.unusedTactic false`
/root/peer/strengthen/s20260902_093018_5/t02.c3__step.lean:32:5: warning: 'trace "MSLCLOSE t07_gcongr"' tactic does nothing

Note: This linter can be disabled with `set_option linter.unusedTactic false`
/root/peer/strengthen/s20260902_093018_5/t02.c3__step.lean:32:34: warning: 'set_option maxHeartbeats 4000 in (gcongr; done)' tactic does nothing

Note: This linter can be disabled with `set_option linter.unusedTactic false`
/root/peer/strengthen/s20260902_093018_5/t02.c3__step.lean:33:5: warning: 'trace "MSLCLOSE t08_positivity"' tactic does nothing

Note: This linter can be disabled with `set_option linter.unusedTactic false`
/root/peer/strengthen/s20260902_093018_5/t02.c3__step.lean:33:38: warning: 'set_option maxHeartbeats 2000 in (positivity; done)' tactic does nothing

Note: This linter can be disabled with `set_option linter.unusedTactic false`
/root/peer/strengthen/s20260902_093018_5/t02.c3__step.lean:34:5: warning: 'trace "MSLCLOSE t09_aesop"' tactic does nothing

Note: This linter can be disabled with `set_option linter.unusedTactic false`
/root/peer/strengthen/s20260902_093018_5/t02.c3__step.lean:35:5: warning: 'trace "MSLCLOSE t10_simp"' tactic does nothing

Note: This linter can be disabled with `set_option linter.unusedTactic false`
/root/peer/strengthen/s20260902_093018_5/t02.c3__step.lean:35:32: warning: 'set_option maxHeartbeats 20000 in (simp; done)' tactic does nothing

Note: This linter can be disabled with `set_option linter.unusedTactic false`
/root/peer/strengthen/s20260902_093018_5/t02.c3__step.lean:36:5: warning: 'trace "MSLGOAL_BEGIN"' tactic does nothing

Note: This linter can be disabled with `set_option linter.unusedTactic false`
'th_t02_c3_step' depends on axioms: [sorryAx]
