n=  1  f_weak= 1  f_strong= 1   C(f_weak,3)=   0 <= 3n+1=4
n=  2  f_weak= 2  f_strong= 2   C(f_weak,3)=   0 <= 3n+1=7
n=  3  f_weak= 3  f_strong= 2   <-- SEPARATES   C(f_weak,3)=   1 <= 3n+1=10
n=  4  f_weak= 4  f_strong= 2   <-- SEPARATES   C(f_weak,3)=   4 <= 3n+1=13
n=  5  f_weak= 4  f_strong= 3   <-- SEPARATES   C(f_weak,3)=   4 <= 3n+1=16
n=  6  f_weak= 4  f_strong= 3   <-- SEPARATES   C(f_weak,3)=   4 <= 3n+1=19
n=  7  f_weak= 4  f_strong= 3   <-- SEPARATES   C(f_weak,3)=   4 <= 3n+1=22
n=  8  f_weak= 5  f_strong= 3   <-- SEPARATES   C(f_weak,3)=  10 <= 3n+1=25
n=  9  f_weak= 5  f_strong= 3   <-- SEPARATES   C(f_weak,3)=  10 <= 3n+1=28
n= 10  f_weak= 5  f_strong= 3   <-- SEPARATES   C(f_weak,3)=  10 <= 3n+1=31
n= 11  f_weak= 5  f_strong= 3   <-- SEPARATES   C(f_weak,3)=  10 <= 3n+1=34
n= 12  f_weak= 5  f_strong= 4   <-- SEPARATES   C(f_weak,3)=  10 <= 3n+1=37
n= 13  f_weak= 5  f_strong= 4   <-- SEPARATES   C(f_weak,3)=  10 <= 3n+1=40
n= 14  f_weak= 6  f_strong= 4   <-- SEPARATES   C(f_weak,3)=  20 <= 3n+1=43
n= 15  f_weak= 6  f_strong= 4   <-- SEPARATES   C(f_weak,3)=  20 <= 3n+1=46
n= 16  f_weak= 6  f_strong= 4   <-- SEPARATES   C(f_weak,3)=  20 <= 3n+1=49
n= 17  f_weak= 6  f_strong= 4   <-- SEPARATES   C(f_weak,3)=  20 <= 3n+1=52
n= 18  f_weak= 6  f_strong= 4   <-- SEPARATES   C(f_weak,3)=  20 <= 3n+1=55
n= 19  f_weak= 6  f_strong= 4   <-- SEPARATES   C(f_weak,3)=  20 <= 3n+1=58
n= 20  f_weak= 6  f_strong= 4   <-- SEPARATES   C(f_weak,3)=  20 <= 3n+1=61
n= 21  f_weak= 6  f_strong= 4   <-- SEPARATES   C(f_weak,3)=  20 <= 3n+1=64
n= 22  f_weak= 6  f_strong= 4   <-- SEPARATES   C(f_weak,3)=  20 <= 3n+1=67
n= 23  f_weak= 7  f_strong= 4   <-- SEPARATES   C(f_weak,3)=  35 <= 3n+1=70
n= 24  f_weak= 7  f_strong= 5   <-- SEPARATES   C(f_weak,3)=  35 <= 3n+1=73
n= 25  f_weak= 7  f_strong= 5   <-- SEPARATES   C(f_weak,3)=  35 <= 3n+1=76
n= 26  f_weak= 7  f_strong= 5   <-- SEPARATES   C(f_weak,3)=  35 <= 3n+1=79
n= 27  f_weak= 7  f_strong= 5   <-- SEPARATES   C(f_weak,3)=  35 <= 3n+1=82
n= 28  f_weak= 7  f_strong= 5   <-- SEPARATES   C(f_weak,3)=  35 <= 3n+1=85
n= 29  f_weak= 7  f_strong= 5   <-- SEPARATES   C(f_weak,3)=  35 <= 3n+1=88
n= 30  f_weak= 7  f_strong= 5   <-- SEPARATES   C(f_weak,3)=  35 <= 3n+1=91
n= 31  f_weak= 7  f_strong= 5   <-- SEPARATES   C(f_weak,3)=  35 <= 3n+1=94
n= 32  f_weak= 7  f_strong= 5   <-- SEPARATES   C(f_weak,3)=  35 <= 3n+1=97
n= 33  f_weak= 7  f_strong= 5   <-- SEPARATES   C(f_weak,3)=  35 <= 3n+1=100
n= 34  f_weak= 7  f_strong= 5   <-- SEPARATES   C(f_weak,3)=  35 <= 3n+1=103
n= 35  f_weak= 7  f_strong= 5   <-- SEPARATES   C(f_weak,3)=  35 <= 3n+1=106
n= 36  f_weak= 7  f_strong= 5   <-- SEPARATES   C(f_weak,3)=  35 <= 3n+1=109
n= 37  f_weak= 7  f_strong= 5   <-- SEPARATES   C(f_weak,3)=  35 <= 3n+1=112
n= 38  f_weak= 7  f_strong= 5   <-- SEPARATES   C(f_weak,3)=  35 <= 3n+1=115
n= 39  f_weak= 7  f_strong= 5   <-- SEPARATES   C(f_weak,3)=  35 <= 3n+1=118
n= 40  f_weak= 8  f_strong= 5   <-- SEPARATES   C(f_weak,3)=  56 <= 3n+1=121
n= 41  f_weak= 8  f_strong= 5   <-- SEPARATES   C(f_weak,3)=  56 <= 3n+1=124
n= 42  f_weak= 8  f_strong= 5   <-- SEPARATES   C(f_weak,3)=  56 <= 3n+1=127

== separating n: [3, 4, 5, 6, 7, 8, 9, 10, 11, 12, 13, 14, 15, 16, 17, 18, 19, 20, 21, 22, 23, 24, 25, 26, 27, 28, 29, 30, 31, 32, 33, 34, 35, 36, 37, 38, 39, 40, 41, 42]
== receipt: receipts/separation-search.json
