MSLCLOSE t09_aesop
/root/peer/strengthen/s20260902_093656_8/t04.c1__implication.lean:35:76: warning: this tactic is never executed

Note: This linter can be disabled with `set_option linter.unreachableTactic false`
/root/peer/strengthen/s20260902_093656_8/t04.c1__implication.lean:36:74: warning: this tactic is never executed

Note: This linter can be disabled with `set_option linter.unreachableTactic false`
/root/peer/strengthen/s20260902_093656_8/t04.c1__implication.lean:39:80: warning: this tactic is never executed

Note: This linter can be disabled with `set_option linter.unreachableTactic false`
/root/peer/strengthen/s20260902_093656_8/t04.c1__implication.lean:40:83: warning: this tactic is never executed

Note: This linter can be disabled with `set_option linter.unreachableTactic false`
/root/peer/strengthen/s20260902_093656_8/t04.c1__implication.lean:41:76: warning: this tactic is never executed

Note: This linter can be disabled with `set_option linter.unreachableTactic false`
/root/peer/strengthen/s20260902_093656_8/t04.c1__implication.lean:42:84: warning: this tactic is never executed

Note: This linter can be disabled with `set_option linter.unreachableTactic false`
/root/peer/strengthen/s20260902_093656_8/t04.c1__implication.lean:44:4: warning: this tactic is never executed

Note: This linter can be disabled with `set_option linter.unreachableTactic false`
/root/peer/strengthen/s20260902_093656_8/t04.c1__implication.lean:45:4: warning: this tactic is never executed

Note: This linter can be disabled with `set_option linter.unreachableTactic false`
/root/peer/strengthen/s20260902_093656_8/t04.c1__implication.lean:35:5: warning: 'trace "MSLCLOSE t01_decide"' tactic does nothing

Note: This linter can be disabled with `set_option linter.unusedTactic false`
/root/peer/strengthen/s20260902_093656_8/t04.c1__implication.lean:35:34: warning: 'set_option maxHeartbeats 1000 in (decide; done)' tactic does nothing

Note: This linter can be disabled with `set_option linter.unusedTactic false`
/root/peer/strengthen/s20260902_093656_8/t04.c1__implication.lean:36:5: warning: 'trace "MSLCLOSE t02_omega"' tactic does nothing

Note: This linter can be disabled with `set_option linter.unusedTactic false`
/root/peer/strengthen/s20260902_093656_8/t04.c1__implication.lean:36:74: warning: 'done' tactic does nothing

Note: This linter can be disabled with `set_option linter.unusedTactic false`
/root/peer/strengthen/s20260902_093656_8/t04.c1__implication.lean:37:5: warning: 'trace "MSLCLOSE t03_ring_nf"' tactic does nothing

Note: This linter can be disabled with `set_option linter.unusedTactic false`
/root/peer/strengthen/s20260902_093656_8/t04.c1__implication.lean:38:5: warning: 'trace "MSLCLOSE t04_ring"' tactic does nothing

Note: This linter can be disabled with `set_option linter.unusedTactic false`
/root/peer/strengthen/s20260902_093656_8/t04.c1__implication.lean:39:5: warning: 'trace "MSLCLOSE t05_linarith"' tactic does nothing

Note: This linter can be disabled with `set_option linter.unusedTactic false`
/root/peer/strengthen/s20260902_093656_8/t04.c1__implication.lean:39:36: warning: 'set_option maxHeartbeats 4000 in (linarith; done)' tactic does nothing

Note: This linter can be disabled with `set_option linter.unusedTactic false`
/root/peer/strengthen/s20260902_093656_8/t04.c1__implication.lean:40:5: warning: 'trace "MSLCLOSE t06_nlinarith"' tactic does nothing

Note: This linter can be disabled with `set_option linter.unusedTactic false`
/root/peer/strengthen/s20260902_093656_8/t04.c1__implication.lean:40:37: warning: 'set_option maxHeartbeats 10000 in (nlinarith; done)' tactic does nothing

Note: This linter can be disabled with `set_option linter.unusedTactic false`
/root/peer/strengthen/s20260902_093656_8/t04.c1__implication.lean:41:5: warning: 'trace "MSLCLOSE t07_gcongr"' tactic does nothing

Note: This linter can be disabled with `set_option linter.unusedTactic false`
/root/peer/strengthen/s20260902_093656_8/t04.c1__implication.lean:41:34: warning: 'set_option maxHeartbeats 4000 in (gcongr; done)' tactic does nothing

Note: This linter can be disabled with `set_option linter.unusedTactic false`
/root/peer/strengthen/s20260902_093656_8/t04.c1__implication.lean:42:5: warning: 'trace "MSLCLOSE t08_positivity"' tactic does nothing

Note: This linter can be disabled with `set_option linter.unusedTactic false`
/root/peer/strengthen/s20260902_093656_8/t04.c1__implication.lean:42:38: warning: 'set_option maxHeartbeats 2000 in (positivity; done)' tactic does nothing

Note: This linter can be disabled with `set_option linter.unusedTactic false`
/root/peer/strengthen/s20260902_093656_8/t04.c1__implication.lean:43:5: warning: 'trace "MSLCLOSE t09_aesop"' tactic does nothing

Note: This linter can be disabled with `set_option linter.unusedTactic false`
/root/peer/strengthen/s20260902_093656_8/t04.c1__implication.lean:43:75: warning: 'done' tactic does nothing

Note: This linter can be disabled with `set_option linter.unusedTactic false`
/root/peer/strengthen/s20260902_093656_8/t04.c1__implication.lean:44:4: warning: '(trace "MSLCLOSE t10_simp"; set_option maxHeartbeats 20000 in (simp; done))' tactic does nothing

Note: This linter can be disabled with `set_option linter.unusedTactic false`
/root/peer/strengthen/s20260902_093656_8/t04.c1__implication.lean:45:4: warning: '(trace "MSLGOAL_BEGIN"; trace_state; sorry)' tactic does nothing

Note: This linter can be disabled with `set_option linter.unusedTactic false`
'th_t04_c1_impl' depends on axioms: [propext, Classical.choice, Quot.sound]
