MSLCLOSE t09_aesop
/root/peer/strengthen/s20260902_093656_8/t04.c4__base.lean:32:45: warning: This simp argument is unused:
  msl_p_erdos289_b_m01_d1

Hint: Omit it from the simp argument list.
  simp only [msl_q_erdos289_b_m01_d1_s4,̵ ̵m̵s̵l̵_̵p̵_̵e̵r̵d̵o̵s̵2̵8̵9̵_̵b̵_̵m̵0̵1̵_̵d̵1̵] at *

Note: This linter can be disabled with `set_option linter.unusedSimpArgs false`
/root/peer/strengthen/s20260902_093656_8/t04.c4__base.lean:34:76: warning: this tactic is never executed

Note: This linter can be disabled with `set_option linter.unreachableTactic false`
/root/peer/strengthen/s20260902_093656_8/t04.c4__base.lean:35:74: warning: this tactic is never executed

Note: This linter can be disabled with `set_option linter.unreachableTactic false`
/root/peer/strengthen/s20260902_093656_8/t04.c4__base.lean:38:80: warning: this tactic is never executed

Note: This linter can be disabled with `set_option linter.unreachableTactic false`
/root/peer/strengthen/s20260902_093656_8/t04.c4__base.lean:39:83: warning: this tactic is never executed

Note: This linter can be disabled with `set_option linter.unreachableTactic false`
/root/peer/strengthen/s20260902_093656_8/t04.c4__base.lean:40:76: warning: this tactic is never executed

Note: This linter can be disabled with `set_option linter.unreachableTactic false`
/root/peer/strengthen/s20260902_093656_8/t04.c4__base.lean:41:84: warning: this tactic is never executed

Note: This linter can be disabled with `set_option linter.unreachableTactic false`
/root/peer/strengthen/s20260902_093656_8/t04.c4__base.lean:43:4: warning: this tactic is never executed

Note: This linter can be disabled with `set_option linter.unreachableTactic false`
/root/peer/strengthen/s20260902_093656_8/t04.c4__base.lean:44:4: warning: this tactic is never executed

Note: This linter can be disabled with `set_option linter.unreachableTactic false`
/root/peer/strengthen/s20260902_093656_8/t04.c4__base.lean:34:5: warning: 'trace "MSLCLOSE t01_decide"' tactic does nothing

Note: This linter can be disabled with `set_option linter.unusedTactic false`
/root/peer/strengthen/s20260902_093656_8/t04.c4__base.lean:34:34: warning: 'set_option maxHeartbeats 1000 in (decide; done)' tactic does nothing

Note: This linter can be disabled with `set_option linter.unusedTactic false`
/root/peer/strengthen/s20260902_093656_8/t04.c4__base.lean:35:5: warning: 'trace "MSLCLOSE t02_omega"' tactic does nothing

Note: This linter can be disabled with `set_option linter.unusedTactic false`
/root/peer/strengthen/s20260902_093656_8/t04.c4__base.lean:35:74: warning: 'done' tactic does nothing

Note: This linter can be disabled with `set_option linter.unusedTactic false`
/root/peer/strengthen/s20260902_093656_8/t04.c4__base.lean:36:5: warning: 'trace "MSLCLOSE t03_ring_nf"' tactic does nothing

Note: This linter can be disabled with `set_option linter.unusedTactic false`
/root/peer/strengthen/s20260902_093656_8/t04.c4__base.lean:37:5: warning: 'trace "MSLCLOSE t04_ring"' tactic does nothing

Note: This linter can be disabled with `set_option linter.unusedTactic false`
/root/peer/strengthen/s20260902_093656_8/t04.c4__base.lean:38:5: warning: 'trace "MSLCLOSE t05_linarith"' tactic does nothing

Note: This linter can be disabled with `set_option linter.unusedTactic false`
/root/peer/strengthen/s20260902_093656_8/t04.c4__base.lean:38:36: warning: 'set_option maxHeartbeats 4000 in (linarith; done)' tactic does nothing

Note: This linter can be disabled with `set_option linter.unusedTactic false`
/root/peer/strengthen/s20260902_093656_8/t04.c4__base.lean:39:5: warning: 'trace "MSLCLOSE t06_nlinarith"' tactic does nothing

Note: This linter can be disabled with `set_option linter.unusedTactic false`
/root/peer/strengthen/s20260902_093656_8/t04.c4__base.lean:39:37: warning: 'set_option maxHeartbeats 10000 in (nlinarith; done)' tactic does nothing

Note: This linter can be disabled with `set_option linter.unusedTactic false`
/root/peer/strengthen/s20260902_093656_8/t04.c4__base.lean:40:5: warning: 'trace "MSLCLOSE t07_gcongr"' tactic does nothing

Note: This linter can be disabled with `set_option linter.unusedTactic false`
/root/peer/strengthen/s20260902_093656_8/t04.c4__base.lean:40:34: warning: 'set_option maxHeartbeats 4000 in (gcongr; done)' tactic does nothing

Note: This linter can be disabled with `set_option linter.unusedTactic false`
/root/peer/strengthen/s20260902_093656_8/t04.c4__base.lean:41:5: warning: 'trace "MSLCLOSE t08_positivity"' tactic does nothing

Note: This linter can be disabled with `set_option linter.unusedTactic false`
/root/peer/strengthen/s20260902_093656_8/t04.c4__base.lean:41:38: warning: 'set_option maxHeartbeats 2000 in (positivity; done)' tactic does nothing

Note: This linter can be disabled with `set_option linter.unusedTactic false`
/root/peer/strengthen/s20260902_093656_8/t04.c4__base.lean:42:5: warning: 'trace "MSLCLOSE t09_aesop"' tactic does nothing

Note: This linter can be disabled with `set_option linter.unusedTactic false`
/root/peer/strengthen/s20260902_093656_8/t04.c4__base.lean:42:75: warning: 'done' tactic does nothing

Note: This linter can be disabled with `set_option linter.unusedTactic false`
/root/peer/strengthen/s20260902_093656_8/t04.c4__base.lean:43:4: warning: '(trace "MSLCLOSE t10_simp"; set_option maxHeartbeats 20000 in (simp; done))' tactic does nothing

Note: This linter can be disabled with `set_option linter.unusedTactic false`
/root/peer/strengthen/s20260902_093656_8/t04.c4__base.lean:44:4: warning: '(trace "MSLGOAL_BEGIN"; trace_state; sorry)' tactic does nothing

Note: This linter can be disabled with `set_option linter.unusedTactic false`
'th_t04_c4_base' depends on axioms: [propext, Classical.choice, Quot.sound]
