MSLGOAL_BEGIN
k : ℕ
h : ∀ m ∈ Icc 0 k, m % 6 = 2 → ¬HasDecomp m
⊢ ∀ m ∈ Icc 0 (k + 1), m % 6 = 2 → ¬HasDecomp m
/root/peer/strengthen/s20260902_093656_8/t04.c4__step.lean:31:8: warning: declaration uses `sorry`
/root/peer/strengthen/s20260902_093656_8/t04.c4__step.lean:33:45: warning: This simp argument is unused:
  msl_p_erdos289_b_m01_d1

Hint: Omit it from the simp argument list.
  simp only [msl_q_erdos289_b_m01_d1_s4,̵ ̵m̵s̵l̵_̵p̵_̵e̵r̵d̵o̵s̵2̵8̵9̵_̵b̵_̵m̵0̵1̵_̵d̵1̵] at *

Note: This linter can be disabled with `set_option linter.unusedSimpArgs false`
/root/peer/strengthen/s20260902_093656_8/t04.c4__step.lean:35:76: warning: this tactic is never executed

Note: This linter can be disabled with `set_option linter.unreachableTactic false`
/root/peer/strengthen/s20260902_093656_8/t04.c4__step.lean:36:74: warning: this tactic is never executed

Note: This linter can be disabled with `set_option linter.unreachableTactic false`
/root/peer/strengthen/s20260902_093656_8/t04.c4__step.lean:39:80: warning: this tactic is never executed

Note: This linter can be disabled with `set_option linter.unreachableTactic false`
/root/peer/strengthen/s20260902_093656_8/t04.c4__step.lean:40:83: warning: this tactic is never executed

Note: This linter can be disabled with `set_option linter.unreachableTactic false`
/root/peer/strengthen/s20260902_093656_8/t04.c4__step.lean:41:76: warning: this tactic is never executed

Note: This linter can be disabled with `set_option linter.unreachableTactic false`
/root/peer/strengthen/s20260902_093656_8/t04.c4__step.lean:42:84: warning: this tactic is never executed

Note: This linter can be disabled with `set_option linter.unreachableTactic false`
/root/peer/strengthen/s20260902_093656_8/t04.c4__step.lean:35:5: warning: 'trace "MSLCLOSE t01_decide"' tactic does nothing

Note: This linter can be disabled with `set_option linter.unusedTactic false`
/root/peer/strengthen/s20260902_093656_8/t04.c4__step.lean:35:34: warning: 'set_option maxHeartbeats 1000 in (decide; done)' tactic does nothing

Note: This linter can be disabled with `set_option linter.unusedTactic false`
/root/peer/strengthen/s20260902_093656_8/t04.c4__step.lean:36:5: warning: 'trace "MSLCLOSE t02_omega"' tactic does nothing

Note: This linter can be disabled with `set_option linter.unusedTactic false`
/root/peer/strengthen/s20260902_093656_8/t04.c4__step.lean:36:74: warning: 'done' tactic does nothing

Note: This linter can be disabled with `set_option linter.unusedTactic false`
/root/peer/strengthen/s20260902_093656_8/t04.c4__step.lean:37:5: warning: 'trace "MSLCLOSE t03_ring_nf"' tactic does nothing

Note: This linter can be disabled with `set_option linter.unusedTactic false`
/root/peer/strengthen/s20260902_093656_8/t04.c4__step.lean:38:5: warning: 'trace "MSLCLOSE t04_ring"' tactic does nothing

Note: This linter can be disabled with `set_option linter.unusedTactic false`
/root/peer/strengthen/s20260902_093656_8/t04.c4__step.lean:39:5: warning: 'trace "MSLCLOSE t05_linarith"' tactic does nothing

Note: This linter can be disabled with `set_option linter.unusedTactic false`
/root/peer/strengthen/s20260902_093656_8/t04.c4__step.lean:39:36: warning: 'set_option maxHeartbeats 4000 in (linarith; done)' tactic does nothing

Note: This linter can be disabled with `set_option linter.unusedTactic false`
/root/peer/strengthen/s20260902_093656_8/t04.c4__step.lean:40:5: warning: 'trace "MSLCLOSE t06_nlinarith"' tactic does nothing

Note: This linter can be disabled with `set_option linter.unusedTactic false`
/root/peer/strengthen/s20260902_093656_8/t04.c4__step.lean:40:37: warning: 'set_option maxHeartbeats 10000 in (nlinarith; done)' tactic does nothing

Note: This linter can be disabled with `set_option linter.unusedTactic false`
/root/peer/strengthen/s20260902_093656_8/t04.c4__step.lean:41:5: warning: 'trace "MSLCLOSE t07_gcongr"' tactic does nothing

Note: This linter can be disabled with `set_option linter.unusedTactic false`
/root/peer/strengthen/s20260902_093656_8/t04.c4__step.lean:41:34: warning: 'set_option maxHeartbeats 4000 in (gcongr; done)' tactic does nothing

Note: This linter can be disabled with `set_option linter.unusedTactic false`
/root/peer/strengthen/s20260902_093656_8/t04.c4__step.lean:42:5: warning: 'trace "MSLCLOSE t08_positivity"' tactic does nothing

Note: This linter can be disabled with `set_option linter.unusedTactic false`
/root/peer/strengthen/s20260902_093656_8/t04.c4__step.lean:42:38: warning: 'set_option maxHeartbeats 2000 in (positivity; done)' tactic does nothing

Note: This linter can be disabled with `set_option linter.unusedTactic false`
/root/peer/strengthen/s20260902_093656_8/t04.c4__step.lean:43:5: warning: 'trace "MSLCLOSE t09_aesop"' tactic does nothing

Note: This linter can be disabled with `set_option linter.unusedTactic false`
/root/peer/strengthen/s20260902_093656_8/t04.c4__step.lean:44:5: warning: 'trace "MSLCLOSE t10_simp"' tactic does nothing

Note: This linter can be disabled with `set_option linter.unusedTactic false`
/root/peer/strengthen/s20260902_093656_8/t04.c4__step.lean:45:5: warning: 'trace "MSLGOAL_BEGIN"' tactic does nothing

Note: This linter can be disabled with `set_option linter.unusedTactic false`
'th_t04_c4_step' depends on axioms: [propext, sorryAx, Classical.choice, Quot.sound]
